// Jest Snapshot v1, https://goo.gl/fbAQLP

exports[`Hotel Component should match snapshot 1`] = `
<main
  className="hotel-view"
>
  <Gallery />
  <Overview
    hotel={Object {}}
  />
  <div
    className="detail"
  >
    <Description />
    <UserReviews />
  </div>
  <CallToAction />
</main>
`;
