// Jest Snapshot v1, https://goo.gl/fbAQLP

exports[`Gallery Component should match the snapshot 1`] = `
<div
  className="gallery"
/>
`;
